../Core/Src/main.c:31:6:osKernelInitialize	8	static
../Core/Src/main.c:48:5:osCreateThread	24	static,ignoring_inline_asm
../Core/Src/main.c:89:6:osKernelStart	4	static,ignoring_inline_asm
../Core/Src/main.c:93:6:osSched	24	static,ignoring_inline_asm
../Core/Src/main.c:107:6:osYield	4	static,ignoring_inline_asm
../Core/Src/main.c:111:5:__io_putchar	16	static
../Core/Src/main.c:117:5:main	8	static
../Core/Src/main.c:130:6:SystemClock_Config	88	static
../Core/Src/main.c:165:13:MX_USART2_UART_Init	8	static
../Core/Src/main.c:183:13:MX_GPIO_Init	48	static
../Core/Src/main.c:205:6:Error_Handler	4	static,ignoring_inline_asm
../Core/Src/main.c:213:6:jumpAssembly	16	static,ignoring_inline_asm
../Core/Src/main.c:218:6:print_I	4	static,ignoring_inline_asm
../Core/Src/main.c:223:6:print_next	4	static,ignoring_inline_asm
../Core/Src/main.c:228:6:thread1	8	static
../Core/Src/main.c:235:6:thread2	8	static
../Core/Src/main.c:241:6:SVC_Handler_Main	32	static,ignoring_inline_asm
